module snapshot
import path=std.tensor alias=tensor names=- reexport=false
fn Private add(lhs: int, rhs: int) -> int
  let bind(total): unit = binary(ident(lhs) Add ident(rhs))
  return ident(total)
fn Public main() -> int
  let bind(value): unit = call(ident(add) [number(40), number(2)])
  return ident(value)
