module snapshot
import path=std.tensor alias=tensor names=- reexport=false
func Private add(lhs: int, rhs: int) returns int
  let bind(total): unit = binary(ident(lhs) Add ident(rhs))
  return ident(total)
async func Private fetch() returns unit
  let bind(task): unit = async_block(expr number(1))
  let bind(work): unit = async_lambda([value] ident(value))
func Public main() returns int
  let bind(value): unit = call(ident(add) [number(40), number(2)])
  return ident(value)
