module std.api
module std.api.http
module std.api.server
module std.api.client
module std.api.json
module std.api.tls
module std.api.routing
module std.api.query
module std.api.form
module std.api.multipart
module std.api.handler
module std.api.middleware
module std.api.errors
type std.api.http.Request: struct Request
type std.api.http.Response: struct Response
type std.api.http.Method: struct Method
type std.api.http.Status: struct Status
type std.api.http.Header: struct Header
type std.api.http.Headers: struct Headers
type std.api.http.Cookie: struct Cookie
type std.api.http.Body: struct Body
type std.api.server.Server: struct Server
type std.api.client.Client: struct Client
type std.api.json.JsonValue: struct JsonValue
type std.api.tls.TlsConfig: struct TlsConfig
type std.api.routing.Route: struct Route
type std.api.routing.Router: struct Router
type std.api.routing.RouteMatch: struct RouteMatch
type std.api.query.Query: struct Query
type std.api.query.QuerySchema: struct QuerySchema
type std.api.query.QueryBinding: struct QueryBinding
type std.api.form.Form: struct Form
type std.api.form.FormSchema: struct FormSchema
type std.api.form.FormBinding: struct FormBinding
type std.api.multipart.Multipart: struct Multipart
type std.api.multipart.MultipartPart: struct MultipartPart
type std.api.handler.HandlerHandle: struct HandlerHandle
type std.api.handler.AsyncHandlerHandle: struct AsyncHandlerHandle
type std.api.handler.HandlerError: struct HandlerError
type std.api.middleware.MiddlewareChain: struct MiddlewareChain
type std.api.middleware.MiddlewareHandle: struct MiddlewareHandle
type std.api.middleware.AsyncMiddlewareHandle: struct AsyncMiddlewareHandle
type std.api.middleware.MiddlewareTrace: struct MiddlewareTrace
type std.api.errors.ApiError: struct ApiError
fn std.api.http.method_name: fn(int) -> string
fn std.api.http.method_allows_body: fn(int) -> bool
fn std.api.http.method_is_safe: fn(int) -> bool
fn std.api.http.method_get: fn() -> int
fn std.api.http.method_head: fn() -> int
fn std.api.http.method_post: fn() -> int
fn std.api.http.method_put: fn() -> int
fn std.api.http.method_patch: fn() -> int
fn std.api.http.method_delete: fn() -> int
fn std.api.http.method_options: fn() -> int
fn std.api.http.status_reason: fn(int) -> string
fn std.api.http.status_class: fn(int) -> int
fn std.api.http.status_is_success: fn(int) -> bool
fn std.api.http.status_continue: fn() -> int
fn std.api.http.status_switching_protocols: fn() -> int
fn std.api.http.status_ok: fn() -> int
fn std.api.http.status_created: fn() -> int
fn std.api.http.status_accepted: fn() -> int
fn std.api.http.status_no_content: fn() -> int
fn std.api.http.status_moved_permanently: fn() -> int
fn std.api.http.status_found: fn() -> int
fn std.api.http.status_not_modified: fn() -> int
fn std.api.http.status_bad_request: fn() -> int
fn std.api.http.status_unauthorized: fn() -> int
fn std.api.http.status_forbidden: fn() -> int
fn std.api.http.status_not_found: fn() -> int
fn std.api.http.status_method_not_allowed: fn() -> int
fn std.api.http.status_conflict: fn() -> int
fn std.api.http.status_unsupported_media_type: fn() -> int
fn std.api.http.status_unprocessable_content: fn() -> int
fn std.api.http.status_too_many_requests: fn() -> int
fn std.api.http.status_internal_server_error: fn() -> int
fn std.api.http.status_bad_gateway: fn() -> int
fn std.api.http.status_service_unavailable: fn() -> int
fn std.api.http.status_gateway_timeout: fn() -> int
fn std.api.http.header_name_is_valid: fn(string) -> bool
fn std.api.http.header_value_is_valid: fn(string) -> bool
fn std.api.http.request: fn(int, string) -> Request
fn std.api.http.request_new: fn(int) -> Request
fn std.api.http.request_method: fn(Request) -> int
fn std.api.http.request_path: fn(Request) -> string
fn std.api.http.request_header: fn(Request, string) -> string
fn std.api.http.request_cookie: fn(Request, string) -> string
fn std.api.http.response: fn(int) -> Response
fn std.api.http.response_new: fn(int) -> Response
fn std.api.http.response_status: fn(Response) -> int
fn std.api.http.response_header: fn(Response, string) -> string
fn std.api.http.response_body_len: fn(Response) -> int
fn std.api.http.header: fn(string, string) -> Header
fn std.api.http.header_name: fn(Header) -> string
fn std.api.http.header_value: fn(Header) -> string
fn std.api.http.cookie: fn(string, string) -> Cookie
fn std.api.http.cookie_name: fn(Cookie) -> string
fn std.api.http.cookie_value: fn(Cookie) -> string
fn std.api.http.status: fn(int) -> Status
fn std.api.server.new: fn() -> Server
fn std.api.server.listen: fn(Server, int) -> bool
fn std.api.server.serve: fn(Server, Router) -> task<int>
fn std.api.server.state: fn(Server) -> int
fn std.api.server.shutdown: fn(Server) -> bool
fn std.api.server.local_port: fn(Server) -> int
fn std.api.server.signal: fn(Server, int) -> bool
fn std.api.server.stats: fn(Server, int) -> int
fn std.api.client.new: fn() -> Client
fn std.api.client.request: fn(Client, Request) -> task<Response>
fn std.api.client.timeout_ms: fn(Client) -> int
fn std.api.json.validate: fn(string) -> bool
fn std.api.json.kind: fn(string) -> int
fn std.api.json.encode: fn(unknown) -> string
fn std.api.json.decode: fn(string) -> JsonValue
fn std.api.tls.config_new: fn(int) -> TlsConfig
fn std.api.tls.config_mode: fn(TlsConfig) -> int
fn std.api.tls.server_config: fn(string, string) -> TlsConfig
fn std.api.tls.client_config: fn() -> TlsConfig
fn std.api.routing.router: fn() -> Router
fn std.api.routing.router_new: fn() -> Router
fn std.api.routing.route_count: fn(Router) -> int
fn std.api.routing.route_id: fn(Route) -> int
fn std.api.routing.route_add: fn(Router, int, string) -> Route
fn std.api.routing.route_match: fn(Router, int, string) -> RouteMatch
fn std.api.routing.match_route_id: fn(RouteMatch) -> int
fn std.api.routing.match_param: fn(RouteMatch, string) -> string
fn std.api.routing.match_param_int: fn(RouteMatch, string) -> int
fn std.api.routing.last_conflict: fn() -> string
fn std.api.routing.get: fn(Router, string) -> Route
fn std.api.routing.post: fn(Router, string) -> Route
fn std.api.routing.put: fn(Router, string) -> Route
fn std.api.routing.patch: fn(Router, string) -> Route
fn std.api.routing.delete: fn(Router, string) -> Route
fn std.api.query.type_string: fn() -> int
fn std.api.query.type_int: fn() -> int
fn std.api.query.type_bool: fn() -> int
fn std.api.query.parse: fn(string) -> Query
fn std.api.query.len: fn(Query) -> int
fn std.api.query.has: fn(Query, string) -> bool
fn std.api.query.count: fn(Query, string) -> int
fn std.api.query.first: fn(Query, string) -> string
fn std.api.query.value: fn(Query, string, int) -> string
fn std.api.query.int: fn(Query, string, int) -> int
fn std.api.query.bool: fn(Query, string, int) -> bool
fn std.api.query.schema: fn() -> QuerySchema
fn std.api.query.schema_field: fn(QuerySchema, string, int, bool, bool) -> QuerySchema
fn std.api.query.bind: fn(Query, QuerySchema) -> QueryBinding
fn std.api.query.binding_ok: fn(QueryBinding) -> bool
fn std.api.query.binding_error: fn(QueryBinding) -> string
fn std.api.query.binding_count: fn(QueryBinding, string) -> int
fn std.api.query.binding_value: fn(QueryBinding, string, int) -> string
fn std.api.query.binding_int: fn(QueryBinding, string, int) -> int
fn std.api.query.binding_bool: fn(QueryBinding, string, int) -> bool
fn std.api.query.error_code: fn() -> int
fn std.api.query.error_message: fn() -> string
fn std.api.form.type_string: fn() -> int
fn std.api.form.type_int: fn() -> int
fn std.api.form.type_bool: fn() -> int
fn std.api.form.parse: fn(string) -> Form
fn std.api.form.len: fn(Form) -> int
fn std.api.form.has: fn(Form, string) -> bool
fn std.api.form.count: fn(Form, string) -> int
fn std.api.form.first: fn(Form, string) -> string
fn std.api.form.value: fn(Form, string, int) -> string
fn std.api.form.int: fn(Form, string, int) -> int
fn std.api.form.bool: fn(Form, string, int) -> bool
fn std.api.form.schema: fn() -> FormSchema
fn std.api.form.schema_field: fn(FormSchema, string, int, bool, bool) -> FormSchema
fn std.api.form.bind: fn(Form, FormSchema) -> FormBinding
fn std.api.form.binding_ok: fn(FormBinding) -> bool
fn std.api.form.binding_error: fn(FormBinding) -> string
fn std.api.form.binding_count: fn(FormBinding, string) -> int
fn std.api.form.binding_value: fn(FormBinding, string, int) -> string
fn std.api.form.binding_int: fn(FormBinding, string, int) -> int
fn std.api.form.binding_bool: fn(FormBinding, string, int) -> bool
fn std.api.form.error_code: fn() -> int
fn std.api.form.error_message: fn() -> string
fn std.api.multipart.parse: fn(string, string, int, int, int) -> Multipart
fn std.api.multipart.part_count: fn(Multipart) -> int
fn std.api.multipart.field_count: fn(Multipart) -> int
fn std.api.multipart.file_count: fn(Multipart) -> int
fn std.api.multipart.text: fn(Multipart, string, int) -> string
fn std.api.multipart.part: fn(Multipart, int) -> MultipartPart
fn std.api.multipart.part_name: fn(MultipartPart) -> string
fn std.api.multipart.part_filename: fn(MultipartPart) -> string
fn std.api.multipart.part_content_type: fn(MultipartPart) -> string
fn std.api.multipart.part_size: fn(MultipartPart) -> int
fn std.api.multipart.part_is_file: fn(MultipartPart) -> bool
fn std.api.multipart.file_path: fn(MultipartPart) -> string
fn std.api.multipart.file_read: fn(MultipartPart, int, int) -> string
fn std.api.multipart.file_spool_to: fn(MultipartPart, string) -> bool
fn std.api.multipart.error_code: fn() -> int
fn std.api.multipart.error_message: fn() -> string
fn std.api.handler.text: fn(string) -> Response
fn std.api.handler.json: fn(string) -> Response
fn std.api.handler.bytes: fn(string) -> Response
fn std.api.handler.status: fn(int) -> Response
fn std.api.handler.with_header: fn(Response, string, string) -> Response
fn std.api.handler.into_response: fn(Response) -> Response
fn std.api.handler.into_text_response: fn(string) -> Response
fn std.api.handler.into_status_response: fn(int) -> Response
fn std.api.handler.error: fn(int, string) -> HandlerError
fn std.api.handler.error_response: fn(HandlerError) -> Response
fn std.api.handler.error_code: fn(HandlerError) -> int
fn std.api.handler.error_message: fn(HandlerError) -> string
fn std.api.handler.last_error_message: fn() -> string
fn std.api.handler.register_sync: fn(int, Response) -> HandlerHandle
fn std.api.handler.register_async: fn(int, Response) -> AsyncHandlerHandle
fn std.api.handler.dispatch_sync: fn(HandlerHandle, Request) -> Response
fn std.api.handler.dispatch_async: fn(AsyncHandlerHandle, Request) -> Response
fn std.api.middleware.chain: fn() -> MiddlewareChain
fn std.api.middleware.chain_new: fn() -> MiddlewareChain
fn std.api.middleware.chain_len: fn(MiddlewareChain) -> int
fn std.api.middleware.register_sync: fn(string, string) -> MiddlewareHandle
fn std.api.middleware.register_sync_short_circuit: fn(string, string, Response) -> MiddlewareHandle
fn std.api.middleware.register_async: fn(string, string) -> AsyncMiddlewareHandle
fn std.api.middleware.register_async_short_circuit: fn(string, string, Response) -> AsyncMiddlewareHandle
fn std.api.middleware.use_sync: fn(MiddlewareChain, MiddlewareHandle) -> MiddlewareChain
fn std.api.middleware.use_async: fn(MiddlewareChain, AsyncMiddlewareHandle) -> MiddlewareChain
fn std.api.middleware.execute_sync: fn(MiddlewareChain, Request, Response) -> Response
fn std.api.middleware.execute_async: fn(MiddlewareChain, Request, Response) -> Response
fn std.api.middleware.last_trace: fn() -> MiddlewareTrace
fn std.api.middleware.trace_len: fn(MiddlewareTrace) -> int
fn std.api.middleware.trace_event: fn(MiddlewareTrace, int) -> string
fn std.api.middleware.trace_short_circuited: fn(MiddlewareTrace) -> bool
fn std.api.errors.last_code: fn() -> int
fn std.api.errors.last_message: fn() -> string
