module std.api
module std.api.http
module std.api.server
module std.api.client
module std.api.json
module std.api.tls
module std.api.routing
module std.api.errors
type std.api.http.Request: struct Request
type std.api.http.Response: struct Response
type std.api.http.Method: struct Method
type std.api.http.Status: struct Status
type std.api.http.Header: struct Header
type std.api.http.Headers: struct Headers
type std.api.http.Cookie: struct Cookie
type std.api.http.Body: struct Body
type std.api.server.Server: struct Server
type std.api.client.Client: struct Client
type std.api.json.JsonValue: struct JsonValue
type std.api.tls.TlsConfig: struct TlsConfig
type std.api.routing.Route: struct Route
type std.api.routing.Router: struct Router
type std.api.errors.ApiError: struct ApiError
fn std.api.http.method_name: fn(int) -> string
fn std.api.http.method_allows_body: fn(int) -> bool
fn std.api.http.method_is_safe: fn(int) -> bool
fn std.api.http.method_get: fn() -> int
fn std.api.http.method_head: fn() -> int
fn std.api.http.method_post: fn() -> int
fn std.api.http.method_put: fn() -> int
fn std.api.http.method_patch: fn() -> int
fn std.api.http.method_delete: fn() -> int
fn std.api.http.method_options: fn() -> int
fn std.api.http.status_reason: fn(int) -> string
fn std.api.http.status_class: fn(int) -> int
fn std.api.http.status_is_success: fn(int) -> bool
fn std.api.http.status_continue: fn() -> int
fn std.api.http.status_switching_protocols: fn() -> int
fn std.api.http.status_ok: fn() -> int
fn std.api.http.status_created: fn() -> int
fn std.api.http.status_accepted: fn() -> int
fn std.api.http.status_no_content: fn() -> int
fn std.api.http.status_moved_permanently: fn() -> int
fn std.api.http.status_found: fn() -> int
fn std.api.http.status_not_modified: fn() -> int
fn std.api.http.status_bad_request: fn() -> int
fn std.api.http.status_unauthorized: fn() -> int
fn std.api.http.status_forbidden: fn() -> int
fn std.api.http.status_not_found: fn() -> int
fn std.api.http.status_method_not_allowed: fn() -> int
fn std.api.http.status_conflict: fn() -> int
fn std.api.http.status_unsupported_media_type: fn() -> int
fn std.api.http.status_unprocessable_content: fn() -> int
fn std.api.http.status_too_many_requests: fn() -> int
fn std.api.http.status_internal_server_error: fn() -> int
fn std.api.http.status_bad_gateway: fn() -> int
fn std.api.http.status_service_unavailable: fn() -> int
fn std.api.http.status_gateway_timeout: fn() -> int
fn std.api.http.header_name_is_valid: fn(string) -> bool
fn std.api.http.header_value_is_valid: fn(string) -> bool
fn std.api.http.request: fn(int, string) -> Request
fn std.api.http.request_new: fn(int) -> Request
fn std.api.http.request_method: fn(Request) -> int
fn std.api.http.request_path: fn(Request) -> string
fn std.api.http.request_header: fn(Request, string) -> string
fn std.api.http.request_cookie: fn(Request, string) -> string
fn std.api.http.response: fn(int) -> Response
fn std.api.http.response_new: fn(int) -> Response
fn std.api.http.response_status: fn(Response) -> int
fn std.api.http.response_header: fn(Response, string) -> string
fn std.api.http.response_body_len: fn(Response) -> int
fn std.api.http.header: fn(string, string) -> Header
fn std.api.http.header_name: fn(Header) -> string
fn std.api.http.header_value: fn(Header) -> string
fn std.api.http.cookie: fn(string, string) -> Cookie
fn std.api.http.cookie_name: fn(Cookie) -> string
fn std.api.http.cookie_value: fn(Cookie) -> string
fn std.api.http.status: fn(int) -> Status
fn std.api.server.new: fn() -> Server
fn std.api.server.serve: fn(Server, Router) -> task<int>
fn std.api.server.state: fn(Server) -> int
fn std.api.server.shutdown: fn(Server) -> bool
fn std.api.client.new: fn() -> Client
fn std.api.client.request: fn(Client, Request) -> task<Response>
fn std.api.client.timeout_ms: fn(Client) -> int
fn std.api.json.validate: fn(string) -> bool
fn std.api.json.kind: fn(string) -> int
fn std.api.json.encode: fn(unknown) -> string
fn std.api.json.decode: fn(string) -> JsonValue
fn std.api.tls.config_new: fn(int) -> TlsConfig
fn std.api.tls.config_mode: fn(TlsConfig) -> int
fn std.api.tls.server_config: fn(string, string) -> TlsConfig
fn std.api.tls.client_config: fn() -> TlsConfig
fn std.api.routing.router: fn() -> Router
fn std.api.routing.router_new: fn() -> Router
fn std.api.routing.route_count: fn(Router) -> int
fn std.api.routing.get: fn(Router, string, fn(Request) -> Response) -> Router
fn std.api.routing.post: fn(Router, string, fn(Request) -> Response) -> Router
fn std.api.routing.put: fn(Router, string, fn(Request) -> Response) -> Router
fn std.api.routing.patch: fn(Router, string, fn(Request) -> Response) -> Router
fn std.api.routing.delete: fn(Router, string, fn(Request) -> Response) -> Router
fn std.api.errors.last_code: fn() -> int
fn std.api.errors.last_message: fn() -> string
